[13/8/2026] Nic: Timofei_Kalinin Lvl : 8t35i968
[13/8/2026] Nic: Timofei_Kalinin Lvl : 111112F@
[13/8/2026] Nic: Timofei_Kalinin Lvl : K1234556
[13/8/2026] Nic: Timofei_Kalinin Lvl : ð
[13/8/2026] Nic: Timofei_Kalinin Lvl : 12341234
[13/8/2026] Nic: Timofei_Kalinin Lvl : 8t35i968
[13/8/2026] Nic: Timofei_Universe Lvl : 8t35i968
[13/8/2026] Nic: Timofei_Universe Lvl : 8t35i968
[13/8/2026] Nic: Timofei_Universe Lvl : 8t35i968
[13/8/2026] Nic: Timofei_Universe Lvl : 8t35i968
[13/8/2026] Nic: Timofei_Universe Lvl : 8t35i968
[13/8/2026] Nic: Timofei_Universe Lvl : 8t35i968
[14/8/2026] Nic: Timofei_Universee Lvl : 8t35i968
[14/8/2026] Nic: Timofei_Universee Lvl : 8t35i968
[14/8/2026] Nic: Timofei_Universeb Lvl : 8t35i968
[14/8/2026] Nic: Timofei_Universeb Lvl : 8t35i968
[14/8/2026] Nic: Timofei_Universeb Lvl : 12341234
[14/8/2026] Nic: Timofei_Universeb Lvl : ww
[14/8/2026] Nic: Timofei_Universeb Lvl : 8å35ø968
[14/8/2026] Nic: Timofei_Universeb Lvl : 8t35i968
[14/8/2026] Nic: Timofei_Universeb Lvl : 8t35i968
[14/8/2026] Nic: Timofei_Universeb Lvl : 8t35i968
[14/8/2026] Nic: Timofei_Universeb Lvl : 8t35i968
[14/8/2026] Nic: Timofei_Universeb Lvl : 8t35i968
[14/8/2026] Nic: Timofei_Universez Lvl : 8t35i968
[14/8/2026] Nic: Timofei_Universez Lvl : 8t35i968
[14/8/2026] Nic: Timofei_Universez Lvl : 8t35i968
[14/8/2026] Nic: Timofei_Universez Lvl : 8t35i968
[14/8/2026] Nic: Timofei_Universez Lvl : 8t35i968
[14/8/2026] Nic: Timofei_Universez Lvl : 8t35i968
[15/8/2026] Nic: Caramel_Universe Lvl : V123456
